[{
	"title": "Markdown Test",
	"name": "01-markdown",
	"contents": "<p>This will test the markdown parser.</p><h1>Heading 1</h1><h2>Heading 2</h2><h3>Heading 3</h3><h4>Heading 4</h4><h5>Heading 5</h5><h6>Heading 6</h6><ul><li>Bullet List 1<ul><li>Sub Item 1</li><li>Sub Item 2</li></ul></li><li>Bullet List 2<ul><li>Sub Item 3</li><li>Sub Item 4<ul><li>Super-sub Item 1</li></ul></li></ul></li><li>Bullet Item</li></ul>",
	"category": "testing"
}]