[
	[{
		"title": "Alerts",
		"name": "01-alerts",
		"category": "alerts",
		"contents": "<p>A basic alert-box can be created with minimal markup.</p><div class=\"html-example\"><!-- Alerts --><div class=\"alert-box success\">    <p>Alert text goes here.</p></div></div><pre><code class=\"lang-html_example\">&lt;!-- Alerts --&gt;&lt;div class=&quot;alert-box success&quot;&gt;    &lt;p&gt;Alert text goes here.&lt;/p&gt;&lt;/div&gt;</code></pre>"
	}],
	[{
		"title": "Buttons",
		"name": "01-buttons",
		"category": "buttons",
		"contents": "<p>A basic button can be created with minimal markup.</p><div class=\"html-example\"><!-- Anchors (links) --><a href=\"#\" class=\"button\">Link Button</a><!-- Buttons (actions) --><button class=\"button\">Action Button</button></div><pre><code class=\"lang-html_example\">&lt;!-- Anchors (links) --&gt;&lt;a href=&quot;#&quot; class=&quot;button&quot;&gt;Link Button&lt;/a&gt;&lt;!-- Buttons (actions) --&gt;&lt;button class=&quot;button&quot;&gt;Action Button&lt;/button&gt;</code></pre>"
	}]
]
